// Jest Snapshot v1, https://goo.gl/fbAQLP

exports[`ErrorModal Component Dismiss on demand 1`] = `null`;

exports[`ErrorModal Component Renders correctly 1`] = `null`;
