// Jest Snapshot v1, https://goo.gl/fbAQLP

exports[`ListContacts Screen Renders correctly 1`] = `null`;
