// Jest Snapshot v1, https://goo.gl/fbAQLP

exports[`ProofRequestDetails Screen Renders correctly 1`] = `null`;
