// Jest Snapshot v1, https://goo.gl/fbAQLP

exports[`displays a proof request screen ProofRequest Screen, W3C displays a proof request with one or more predicates not satisfied 1`] = `null`;
